producer_class	xtools.gsea.Gsea
producer_timestamp	1549402040005
param	collapse	false
param	cls	\\isaac\klabanalysis\jgrants\pmpCellLines\FBXO11\GSEA_onLimma\Phenotypes_commonEffectOnly.cls#REST_versus_shSCR
param	plot_top_x	20
param	norm	meandiv
param	save_rnd_lists	false
param	median	false
param	num	100
param	scoring_scheme	weighted
param	make_sets	true
param	mode	Max_probe
param	gmx	\\10.9.207.46\karsanlab\Karsan Lab\Personal Folders\Jennifer G\miR-146a RNA-seq\GSEA expr analysis with good conversion\NFKB_target_geneset.gmx
param	gui	false
param	metric	Signal2Noise
param	rpt_label	FBXO11_commonEffectOnly_NFKBtarget
param	help	false
param	order	descending
param	out	C:\Users\jgrants\gsea_home\output\feb05
param	create_svgs	false
param	permute	gene_set
param	rnd_type	no_balance
param	set_min	5
param	include_only_symbols	true
param	sort	real
param	create_gcts	false
param	rnd_seed	timestamp
param	nperm	1000
param	zip_report	false
param	set_max	500
param	res	\\isaac\klabanalysis\jgrants\pmpCellLines\FBXO11\GSEA_onLimma\GSEA_expr_set_commonEffectOnly.txt

file	C:\Users\jgrants\gsea_home\output\feb05\FBXO11_commonEffectOnly_NFKBtarget.Gsea.1549402040005\index.html
